// Jest Snapshot v1, https://goo.gl/fbAQLP

exports[`testing Message snapshot Message 1`] = `
<ReactWOW
  animateClass="animated"
  animation="fadeInRight"
  callback={[Function]}
  delay=""
  disabled={false}
  duration=""
  iteration=""
  offset={0}
  overflow={false}
  resize={true}
  scroll={true}
>
  <styled.div
    className="isMessageTo"
    key="1"
    onClick={[Function]}
  >
    <Styled(Image)
      bordersize="1px"
      circular={true}
      maxheight="45px"
      maxwidth="45px"
      size="tiny"
      src="test"
    />
    <styled.div
      className="isMessageTo"
    >
      <styled.span
        className="isMessageTo"
      />
      <styled.p>
        Text message
      </styled.p>
      <styled.span>
        16.09.2018
      </styled.span>
    </styled.div>
  </styled.div>
</ReactWOW>
`;
