// Jest Snapshot v1, https://goo.gl/fbAQLP

exports[`testing SectionMessagesList snapshot SectionMessagesList 1`] = `
<SectionMessagesList
  currentChatId={1}
  currentUser={
    Object {
      "avatar": "currentAvatar",
      "id": 1,
      "name": "currentName",
      "status": "Online",
    }
  }
  messages={
    Array [
      Object {
        "date": "15:00",
        "deletedBy": Array [],
        "from": Object {
          "avatar": "currentAvatar",
          "id": 1,
          "name": "currentName",
          "status": "Online",
        },
        "id": 1,
        "isRead": false,
        "text": "text test 1",
        "to": Object {
          "avatar": "companionAvatar",
          "id": 2,
          "name": "companionName",
          "status": "Online",
        },
      },
      Object {
        "date": "16:00",
        "deletedBy": Array [],
        "from": Object {
          "avatar": "currentAvatar",
          "id": 1,
          "name": "currentName",
          "status": "Online",
        },
        "id": 2,
        "isRead": false,
        "text": "text test 2",
        "to": Object {
          "avatar": "companionAvatar",
          "id": 2,
          "name": "companionName",
          "status": "Online",
        },
      },
    ]
  }
  readMessages={[MockFunction]}
  selectMessage={
    [MockFunction] {
      "calls": Array [
        Array [
          1,
        ],
      ],
    }
  }
  selectedMessages={Array []}
>
  <styled.section>
    <section
      className="sc-iwsKbI goWDXY"
    >
      <Message
        className="wow bounceIn"
        currentUser={
          Object {
            "avatar": "currentAvatar",
            "id": 1,
            "name": "currentName",
            "status": "Online",
          }
        }
        key="1"
        message={
          Object {
            "date": "15:00",
            "deletedBy": Array [],
            "from": Object {
              "avatar": "currentAvatar",
              "id": 1,
              "name": "currentName",
              "status": "Online",
            },
            "id": 1,
            "isRead": false,
            "text": "text test 1",
            "to": Object {
              "avatar": "companionAvatar",
              "id": 2,
              "name": "companionName",
              "status": "Online",
            },
          }
        }
        selectMessage={
          [MockFunction] {
            "calls": Array [
              Array [
                1,
              ],
            ],
          }
        }
        selectedMessages={Array []}
      >
        <ReactWOW
          animateClass="animated"
          animation="fadeInRight"
          callback={[Function]}
          delay=""
          disabled={false}
          duration=""
          iteration=""
          offset={0}
          overflow={false}
          resize={true}
          scroll={true}
        >
          <styled.div
            className="isMessageTo fadeInRight"
            key=".$1"
            onAnimationEnd={[Function]}
            onClick={[Function]}
            style={
              Object {
                "animationName": "none",
                "visibility": "hidden",
              }
            }
          >
            <div
              className="isMessageTo fadeInRight sc-gqjmRU fEkjPM"
              onAnimationEnd={[Function]}
              onClick={[Function]}
              style={
                Object {
                  "animationName": "none",
                  "visibility": "hidden",
                }
              }
            >
              <Styled(Image)
                bordersize="1px"
                circular={true}
                maxheight="45px"
                maxwidth="45px"
                size="tiny"
                src="currentAvatar"
              >
                <Image
                  as="img"
                  bordersize="1px"
                  circular={true}
                  className="sc-ifAKCX JhXmE"
                  maxheight="45px"
                  maxwidth="45px"
                  size="tiny"
                  src="currentAvatar"
                  ui={true}
                >
                  <img
                    bordersize="1px"
                    className="ui tiny circular image sc-ifAKCX JhXmE"
                    maxheight="45px"
                    maxwidth="45px"
                    src="currentAvatar"
                  />
                </Image>
              </Styled(Image)>
              <styled.div
                className="isMessageTo"
              >
                <div
                  className="isMessageTo sc-VigVT iTxXta"
                >
                  <styled.span
                    className="isMessageTo"
                  >
                    <span
                      className="isMessageTo sc-jTzLTM jajjDS"
                    />
                  </styled.span>
                  <styled.p>
                    <p
                      className="sc-fjdhpX gAKYZH"
                    >
                      text test 1
                    </p>
                  </styled.p>
                  <styled.span>
                    <span
                      className="sc-jzJRlG dEnjoI"
                    >
                      15:00
                    </span>
                  </styled.span>
                </div>
              </styled.div>
            </div>
          </styled.div>
        </ReactWOW>
      </Message>
      <Message
        className="wow bounceIn"
        currentUser={
          Object {
            "avatar": "currentAvatar",
            "id": 1,
            "name": "currentName",
            "status": "Online",
          }
        }
        key="2"
        message={
          Object {
            "date": "16:00",
            "deletedBy": Array [],
            "from": Object {
              "avatar": "currentAvatar",
              "id": 1,
              "name": "currentName",
              "status": "Online",
            },
            "id": 2,
            "isRead": false,
            "text": "text test 2",
            "to": Object {
              "avatar": "companionAvatar",
              "id": 2,
              "name": "companionName",
              "status": "Online",
            },
          }
        }
        selectMessage={
          [MockFunction] {
            "calls": Array [
              Array [
                1,
              ],
            ],
          }
        }
        selectedMessages={Array []}
      >
        <ReactWOW
          animateClass="animated"
          animation="fadeInRight"
          callback={[Function]}
          delay=""
          disabled={false}
          duration=""
          iteration=""
          offset={0}
          overflow={false}
          resize={true}
          scroll={true}
        >
          <styled.div
            className="isMessageTo fadeInRight"
            key=".$2"
            onAnimationEnd={[Function]}
            onClick={[Function]}
            style={
              Object {
                "animationName": "none",
                "visibility": "hidden",
              }
            }
          >
            <div
              className="isMessageTo fadeInRight sc-gqjmRU fEkjPM"
              onAnimationEnd={[Function]}
              onClick={[Function]}
              style={
                Object {
                  "animationName": "none",
                  "visibility": "hidden",
                }
              }
            >
              <Styled(Image)
                bordersize="1px"
                circular={true}
                maxheight="45px"
                maxwidth="45px"
                size="tiny"
                src="currentAvatar"
              >
                <Image
                  as="img"
                  bordersize="1px"
                  circular={true}
                  className="sc-ifAKCX JhXmE"
                  maxheight="45px"
                  maxwidth="45px"
                  size="tiny"
                  src="currentAvatar"
                  ui={true}
                >
                  <img
                    bordersize="1px"
                    className="ui tiny circular image sc-ifAKCX JhXmE"
                    maxheight="45px"
                    maxwidth="45px"
                    src="currentAvatar"
                  />
                </Image>
              </Styled(Image)>
              <styled.div
                className="isMessageTo"
              >
                <div
                  className="isMessageTo sc-VigVT iTxXta"
                >
                  <styled.span
                    className="isMessageTo"
                  >
                    <span
                      className="isMessageTo sc-jTzLTM jajjDS"
                    />
                  </styled.span>
                  <styled.p>
                    <p
                      className="sc-fjdhpX gAKYZH"
                    >
                      text test 2
                    </p>
                  </styled.p>
                  <styled.span>
                    <span
                      className="sc-jzJRlG dEnjoI"
                    >
                      16:00
                    </span>
                  </styled.span>
                </div>
              </styled.div>
            </div>
          </styled.div>
        </ReactWOW>
      </Message>
    </section>
  </styled.section>
</SectionMessagesList>
`;
