// Jest Snapshot v1, https://goo.gl/fbAQLP

exports[`testing SectionMessagesList snapshot SectionMessagesList 1`] = `
<styled.section>
  <styled.div
    key="1"
  >
    <Styled(Image)
      bordersize="1px"
      circular={true}
      maxheight="45px"
      maxwidth="45px"
      size="tiny"
      src="https://emilcarlsson.se/assets/mikeross.png"
    />
    <styled.div>
      <styled.span />
      <styled.span
        className="messageText"
        textColor="white"
        textFontFamily="Titillium Web"
        textLineHeight="1.5"
        textSize="15px"
        textWeight="400"
      >
        Lorem ipsum dolor sit amet, onsectetur adipisicing  onsectetur adipisicing consectetur adipisicing elit. Porro!
      </styled.span>
      <styled.span>
        Wed Aug 22 2018
      </styled.span>
    </styled.div>
  </styled.div>
  <styled.div
    key="2"
  >
    <Styled(Image)
      bordersize="1px"
      circular={true}
      maxheight="45px"
      maxwidth="45px"
      size="tiny"
      src="https://emilcarlsson.se/assets/mikeross.png"
    />
    <styled.div>
      <styled.span />
      <styled.span
        className="messageText"
        textColor="white"
        textFontFamily="Titillium Web"
        textLineHeight="1.5"
        textSize="15px"
        textWeight="400"
      >
        Lorem ipsum dolor sit amet!
      </styled.span>
      <styled.span>
        Wed Aug 22 2018
      </styled.span>
    </styled.div>
  </styled.div>
</styled.section>
`;
