// Jest Snapshot v1, https://goo.gl/fbAQLP

exports[`testing SectionContactHeader snapshot CurrentChatContainer 1`] = `
<SectionContactHeader
  currentChatId={1}
  currentUser={
    Object {
      "avatar": "test",
      "id": 1,
      "name": "test",
      "status": "Online",
    }
  }
  deleteChat={[MockFunction]}
  deleteMessages={
    [MockFunction] {
      "calls": Array [
        Array [
          Array [
            1,
            2,
          ],
          1,
          1,
        ],
      ],
    }
  }
  selectedMessages={Array []}
  user={
    Object {
      "avatar": "test2",
      "id": 2,
      "name": "test2",
      "status": "Online",
    }
  }
>
  <styled.section>
    <section
      className="sc-gzVnrw dwhOpH"
    >
      <Styled(Image)
        bordercolor="grey"
        bordersize="2px"
        circular={true}
        cursor="false"
        maxheight="65px"
        maxwidth="65px"
        size="tiny"
        src="test2"
      >
        <Image
          as="img"
          bordercolor="grey"
          bordersize="2px"
          circular={true}
          className="sc-ifAKCX iWdRSQ"
          cursor="false"
          maxheight="65px"
          maxwidth="65px"
          size="tiny"
          src="test2"
          ui={true}
        >
          <img
            bordercolor="grey"
            bordersize="2px"
            className="ui tiny circular image sc-ifAKCX iWdRSQ"
            cursor="false"
            maxheight="65px"
            maxwidth="65px"
            src="test2"
          />
        </Image>
      </Styled(Image)>
      <styled.div>
        <div
          className="sc-htoDjs dXmIuO"
        >
          <styled.span
            textColor="#000"
            textFontFamily="Titillium Web"
            textLineHeight="1.2"
            textSize="20px"
            textWeight="500"
          >
            <span
              className="sc-EHOje icjOBf"
            >
              test2
            </span>
          </styled.span>
          <styled.span
            textColor="green"
            textFontFamily="Titillium Web"
            textLineHeight="1"
            textSize="15px"
            textWeight="500"
          >
            <span
              className="sc-EHOje cFtBxI"
            >
              Online
            </span>
          </styled.span>
        </div>
      </styled.div>
      <ModalDeleteChat
        currentChatId={1}
        deleteChat={[MockFunction]}
        userName="test2"
      >
        <Modal
          centered={true}
          closeOnDimmerClick={true}
          closeOnDocumentClick={false}
          dimmer={true}
          eventPool="Modal"
          onClose={[Function]}
          open={false}
          trigger={
            <Styled(Button)
              buttonheight="35px"
              buttonmargin="0 10px 0 auto"
              buttonwidth="40px"
              color="red"
              icon="user delete"
              onClick={[Function]}
            />
          }
        >
          <Portal
            closeOnDocumentClick={false}
            closeOnEscape={true}
            eventPool="Modal"
            mountNode={<body />}
            onClose={[Function]}
            onMount={[Function]}
            onOpen={[Function]}
            onUnmount={[Function]}
            open={false}
            openOnTriggerClick={true}
            trigger={
              <Styled(Button)
                buttonheight="35px"
                buttonmargin="0 10px 0 auto"
                buttonwidth="40px"
                color="red"
                icon="user delete"
                onClick={[Function]}
              />
            }
          >
            <Ref
              innerRef={[Function]}
              key="trigger"
            >
              <Styled(Button)
                buttonheight="35px"
                buttonmargin="0 10px 0 auto"
                buttonwidth="40px"
                color="red"
                icon="user delete"
                onBlur={[Function]}
                onClick={[Function]}
                onFocus={[Function]}
                onMouseEnter={[Function]}
                onMouseLeave={[Function]}
              >
                <Button
                  as="button"
                  buttonheight="35px"
                  buttonmargin="0 10px 0 auto"
                  buttonwidth="40px"
                  className="sc-dnqmqq gjfcAb"
                  color="red"
                  icon="user delete"
                  onBlur={[Function]}
                  onClick={[Function]}
                  onFocus={[Function]}
                  onMouseEnter={[Function]}
                  onMouseLeave={[Function]}
                  role="button"
                >
                  <button
                    buttonheight="35px"
                    buttonmargin="0 10px 0 auto"
                    buttonwidth="40px"
                    className="ui red icon button sc-dnqmqq gjfcAb"
                    onBlur={[Function]}
                    onClick={[Function]}
                    onFocus={[Function]}
                    onMouseEnter={[Function]}
                    onMouseLeave={[Function]}
                    role="button"
                  >
                    <Icon
                      as="i"
                      name="user delete"
                    >
                      <i
                        aria-hidden="true"
                        className="user delete icon"
                      />
                    </Icon>
                  </button>
                </Button>
              </Styled(Button)>
            </Ref>
          </Portal>
        </Modal>
      </ModalDeleteChat>
    </section>
  </styled.section>
</SectionContactHeader>
`;
