// Jest Snapshot v1, https://goo.gl/fbAQLP

exports[`testing UserList snapshot UserList 1`] = `
<UserList>
  <styled.div>
    <div
      className="sc-fjdhpX lcnmRg"
    >
      <UserCard
        avatar="https://emilcarlsson.se/assets/louislitt.png"
        id={2}
        key="2"
        name="Louis Litt"
      >
        <styled.div>
          <div
            className="sc-jzJRlG ikoaaf"
          >
            <styled.div>
              <div
                className="sc-cSHVUG hDUXUW"
              >
                <Styled(Image)
                  bordercolor="white"
                  bordersize="1px"
                  circular={true}
                  maxheight="65px"
                  maxwidth="65px"
                  size="tiny"
                  src="https://emilcarlsson.se/assets/louislitt.png"
                >
                  <Image
                    as="img"
                    bordercolor="white"
                    bordersize="1px"
                    circular={true}
                    className="sc-htpNat drfAkD"
                    maxheight="65px"
                    maxwidth="65px"
                    size="tiny"
                    src="https://emilcarlsson.se/assets/louislitt.png"
                    ui={true}
                  >
                    <img
                      bordercolor="white"
                      bordersize="1px"
                      className="ui tiny circular image sc-htpNat drfAkD"
                      maxheight="65px"
                      maxwidth="65px"
                      src="https://emilcarlsson.se/assets/louislitt.png"
                    />
                  </Image>
                </Styled(Image)>
                <styled.span>
                  <span
                    className="sc-kAzzGY bhplhq"
                  />
                </styled.span>
              </div>
            </styled.div>
            <styled.div>
              <div
                className="sc-chPdSV jmNmdm"
              >
                <styled.p>
                  <p
                    className="sc-kgoBCf eyQkMk"
                  >
                    Louis Litt
                  </p>
                </styled.p>
                <styled.p>
                  <p
                    className="sc-kGXeez bpwcQb"
                  >
                    Lorem ipsum dolor sit amet.
                  </p>
                </styled.p>
              </div>
            </styled.div>
            <styled.p>
              <p
                className="sc-kpOJdX fuYgIr"
              >
                3
              </p>
            </styled.p>
          </div>
        </styled.div>
      </UserCard>
      <UserCard
        avatar="https://emilcarlsson.se/assets/louislitt.png"
        id={3}
        key="3"
        name="Louis Litt"
      >
        <styled.div>
          <div
            className="sc-jzJRlG ikoaaf"
          >
            <styled.div>
              <div
                className="sc-cSHVUG hDUXUW"
              >
                <Styled(Image)
                  bordercolor="white"
                  bordersize="1px"
                  circular={true}
                  maxheight="65px"
                  maxwidth="65px"
                  size="tiny"
                  src="https://emilcarlsson.se/assets/louislitt.png"
                >
                  <Image
                    as="img"
                    bordercolor="white"
                    bordersize="1px"
                    circular={true}
                    className="sc-htpNat drfAkD"
                    maxheight="65px"
                    maxwidth="65px"
                    size="tiny"
                    src="https://emilcarlsson.se/assets/louislitt.png"
                    ui={true}
                  >
                    <img
                      bordercolor="white"
                      bordersize="1px"
                      className="ui tiny circular image sc-htpNat drfAkD"
                      maxheight="65px"
                      maxwidth="65px"
                      src="https://emilcarlsson.se/assets/louislitt.png"
                    />
                  </Image>
                </Styled(Image)>
                <styled.span>
                  <span
                    className="sc-kAzzGY bhplhq"
                  />
                </styled.span>
              </div>
            </styled.div>
            <styled.div>
              <div
                className="sc-chPdSV jmNmdm"
              >
                <styled.p>
                  <p
                    className="sc-kgoBCf eyQkMk"
                  >
                    Louis Litt
                  </p>
                </styled.p>
                <styled.p>
                  <p
                    className="sc-kGXeez bpwcQb"
                  >
                    Lorem ipsum dolor sit amet.
                  </p>
                </styled.p>
              </div>
            </styled.div>
            <styled.p>
              <p
                className="sc-kpOJdX fuYgIr"
              >
                3
              </p>
            </styled.p>
          </div>
        </styled.div>
      </UserCard>
      <UserCard
        avatar="https://emilcarlsson.se/assets/louislitt.png"
        id={4}
        key="4"
        name="Louis Litt"
      >
        <styled.div>
          <div
            className="sc-jzJRlG ikoaaf"
          >
            <styled.div>
              <div
                className="sc-cSHVUG hDUXUW"
              >
                <Styled(Image)
                  bordercolor="white"
                  bordersize="1px"
                  circular={true}
                  maxheight="65px"
                  maxwidth="65px"
                  size="tiny"
                  src="https://emilcarlsson.se/assets/louislitt.png"
                >
                  <Image
                    as="img"
                    bordercolor="white"
                    bordersize="1px"
                    circular={true}
                    className="sc-htpNat drfAkD"
                    maxheight="65px"
                    maxwidth="65px"
                    size="tiny"
                    src="https://emilcarlsson.se/assets/louislitt.png"
                    ui={true}
                  >
                    <img
                      bordercolor="white"
                      bordersize="1px"
                      className="ui tiny circular image sc-htpNat drfAkD"
                      maxheight="65px"
                      maxwidth="65px"
                      src="https://emilcarlsson.se/assets/louislitt.png"
                    />
                  </Image>
                </Styled(Image)>
                <styled.span>
                  <span
                    className="sc-kAzzGY bhplhq"
                  />
                </styled.span>
              </div>
            </styled.div>
            <styled.div>
              <div
                className="sc-chPdSV jmNmdm"
              >
                <styled.p>
                  <p
                    className="sc-kgoBCf eyQkMk"
                  >
                    Louis Litt
                  </p>
                </styled.p>
                <styled.p>
                  <p
                    className="sc-kGXeez bpwcQb"
                  >
                    Lorem ipsum dolor sit amet.
                  </p>
                </styled.p>
              </div>
            </styled.div>
            <styled.p>
              <p
                className="sc-kpOJdX fuYgIr"
              >
                3
              </p>
            </styled.p>
          </div>
        </styled.div>
      </UserCard>
      <UserCard
        avatar="https://emilcarlsson.se/assets/louislitt.png"
        id={5}
        key="5"
        name="Louis Litt"
      >
        <styled.div>
          <div
            className="sc-jzJRlG ikoaaf"
          >
            <styled.div>
              <div
                className="sc-cSHVUG hDUXUW"
              >
                <Styled(Image)
                  bordercolor="white"
                  bordersize="1px"
                  circular={true}
                  maxheight="65px"
                  maxwidth="65px"
                  size="tiny"
                  src="https://emilcarlsson.se/assets/louislitt.png"
                >
                  <Image
                    as="img"
                    bordercolor="white"
                    bordersize="1px"
                    circular={true}
                    className="sc-htpNat drfAkD"
                    maxheight="65px"
                    maxwidth="65px"
                    size="tiny"
                    src="https://emilcarlsson.se/assets/louislitt.png"
                    ui={true}
                  >
                    <img
                      bordercolor="white"
                      bordersize="1px"
                      className="ui tiny circular image sc-htpNat drfAkD"
                      maxheight="65px"
                      maxwidth="65px"
                      src="https://emilcarlsson.se/assets/louislitt.png"
                    />
                  </Image>
                </Styled(Image)>
                <styled.span>
                  <span
                    className="sc-kAzzGY bhplhq"
                  />
                </styled.span>
              </div>
            </styled.div>
            <styled.div>
              <div
                className="sc-chPdSV jmNmdm"
              >
                <styled.p>
                  <p
                    className="sc-kgoBCf eyQkMk"
                  >
                    Louis Litt
                  </p>
                </styled.p>
                <styled.p>
                  <p
                    className="sc-kGXeez bpwcQb"
                  >
                    Lorem ipsum dolor sit amet.
                  </p>
                </styled.p>
              </div>
            </styled.div>
            <styled.p>
              <p
                className="sc-kpOJdX fuYgIr"
              >
                3
              </p>
            </styled.p>
          </div>
        </styled.div>
      </UserCard>
      <UserCard
        avatar="https://emilcarlsson.se/assets/louislitt.png"
        id={6}
        key="6"
        name="Louis Litt"
      >
        <styled.div>
          <div
            className="sc-jzJRlG ikoaaf"
          >
            <styled.div>
              <div
                className="sc-cSHVUG hDUXUW"
              >
                <Styled(Image)
                  bordercolor="white"
                  bordersize="1px"
                  circular={true}
                  maxheight="65px"
                  maxwidth="65px"
                  size="tiny"
                  src="https://emilcarlsson.se/assets/louislitt.png"
                >
                  <Image
                    as="img"
                    bordercolor="white"
                    bordersize="1px"
                    circular={true}
                    className="sc-htpNat drfAkD"
                    maxheight="65px"
                    maxwidth="65px"
                    size="tiny"
                    src="https://emilcarlsson.se/assets/louislitt.png"
                    ui={true}
                  >
                    <img
                      bordercolor="white"
                      bordersize="1px"
                      className="ui tiny circular image sc-htpNat drfAkD"
                      maxheight="65px"
                      maxwidth="65px"
                      src="https://emilcarlsson.se/assets/louislitt.png"
                    />
                  </Image>
                </Styled(Image)>
                <styled.span>
                  <span
                    className="sc-kAzzGY bhplhq"
                  />
                </styled.span>
              </div>
            </styled.div>
            <styled.div>
              <div
                className="sc-chPdSV jmNmdm"
              >
                <styled.p>
                  <p
                    className="sc-kgoBCf eyQkMk"
                  >
                    Louis Litt
                  </p>
                </styled.p>
                <styled.p>
                  <p
                    className="sc-kGXeez bpwcQb"
                  >
                    Lorem ipsum dolor sit amet.
                  </p>
                </styled.p>
              </div>
            </styled.div>
            <styled.p>
              <p
                className="sc-kpOJdX fuYgIr"
              >
                3
              </p>
            </styled.p>
          </div>
        </styled.div>
      </UserCard>
      <UserCard
        avatar="https://emilcarlsson.se/assets/louislitt.png"
        id={7}
        key="7"
        name="Louis Litt"
      >
        <styled.div>
          <div
            className="sc-jzJRlG ikoaaf"
          >
            <styled.div>
              <div
                className="sc-cSHVUG hDUXUW"
              >
                <Styled(Image)
                  bordercolor="white"
                  bordersize="1px"
                  circular={true}
                  maxheight="65px"
                  maxwidth="65px"
                  size="tiny"
                  src="https://emilcarlsson.se/assets/louislitt.png"
                >
                  <Image
                    as="img"
                    bordercolor="white"
                    bordersize="1px"
                    circular={true}
                    className="sc-htpNat drfAkD"
                    maxheight="65px"
                    maxwidth="65px"
                    size="tiny"
                    src="https://emilcarlsson.se/assets/louislitt.png"
                    ui={true}
                  >
                    <img
                      bordercolor="white"
                      bordersize="1px"
                      className="ui tiny circular image sc-htpNat drfAkD"
                      maxheight="65px"
                      maxwidth="65px"
                      src="https://emilcarlsson.se/assets/louislitt.png"
                    />
                  </Image>
                </Styled(Image)>
                <styled.span>
                  <span
                    className="sc-kAzzGY bhplhq"
                  />
                </styled.span>
              </div>
            </styled.div>
            <styled.div>
              <div
                className="sc-chPdSV jmNmdm"
              >
                <styled.p>
                  <p
                    className="sc-kgoBCf eyQkMk"
                  >
                    Louis Litt
                  </p>
                </styled.p>
                <styled.p>
                  <p
                    className="sc-kGXeez bpwcQb"
                  >
                    Lorem ipsum dolor sit amet.
                  </p>
                </styled.p>
              </div>
            </styled.div>
            <styled.p>
              <p
                className="sc-kpOJdX fuYgIr"
              >
                3
              </p>
            </styled.p>
          </div>
        </styled.div>
      </UserCard>
      <UserCard
        avatar="https://emilcarlsson.se/assets/louislitt.png"
        id={8}
        key="8"
        name="Louis Litt"
      >
        <styled.div>
          <div
            className="sc-jzJRlG ikoaaf"
          >
            <styled.div>
              <div
                className="sc-cSHVUG hDUXUW"
              >
                <Styled(Image)
                  bordercolor="white"
                  bordersize="1px"
                  circular={true}
                  maxheight="65px"
                  maxwidth="65px"
                  size="tiny"
                  src="https://emilcarlsson.se/assets/louislitt.png"
                >
                  <Image
                    as="img"
                    bordercolor="white"
                    bordersize="1px"
                    circular={true}
                    className="sc-htpNat drfAkD"
                    maxheight="65px"
                    maxwidth="65px"
                    size="tiny"
                    src="https://emilcarlsson.se/assets/louislitt.png"
                    ui={true}
                  >
                    <img
                      bordercolor="white"
                      bordersize="1px"
                      className="ui tiny circular image sc-htpNat drfAkD"
                      maxheight="65px"
                      maxwidth="65px"
                      src="https://emilcarlsson.se/assets/louislitt.png"
                    />
                  </Image>
                </Styled(Image)>
                <styled.span>
                  <span
                    className="sc-kAzzGY bhplhq"
                  />
                </styled.span>
              </div>
            </styled.div>
            <styled.div>
              <div
                className="sc-chPdSV jmNmdm"
              >
                <styled.p>
                  <p
                    className="sc-kgoBCf eyQkMk"
                  >
                    Louis Litt
                  </p>
                </styled.p>
                <styled.p>
                  <p
                    className="sc-kGXeez bpwcQb"
                  >
                    Lorem ipsum dolor sit amet.
                  </p>
                </styled.p>
              </div>
            </styled.div>
            <styled.p>
              <p
                className="sc-kpOJdX fuYgIr"
              >
                3
              </p>
            </styled.p>
          </div>
        </styled.div>
      </UserCard>
      <UserCard
        avatar="https://emilcarlsson.se/assets/louislitt.png"
        id={9}
        key="9"
        name="Louis Litt"
      >
        <styled.div>
          <div
            className="sc-jzJRlG ikoaaf"
          >
            <styled.div>
              <div
                className="sc-cSHVUG hDUXUW"
              >
                <Styled(Image)
                  bordercolor="white"
                  bordersize="1px"
                  circular={true}
                  maxheight="65px"
                  maxwidth="65px"
                  size="tiny"
                  src="https://emilcarlsson.se/assets/louislitt.png"
                >
                  <Image
                    as="img"
                    bordercolor="white"
                    bordersize="1px"
                    circular={true}
                    className="sc-htpNat drfAkD"
                    maxheight="65px"
                    maxwidth="65px"
                    size="tiny"
                    src="https://emilcarlsson.se/assets/louislitt.png"
                    ui={true}
                  >
                    <img
                      bordercolor="white"
                      bordersize="1px"
                      className="ui tiny circular image sc-htpNat drfAkD"
                      maxheight="65px"
                      maxwidth="65px"
                      src="https://emilcarlsson.se/assets/louislitt.png"
                    />
                  </Image>
                </Styled(Image)>
                <styled.span>
                  <span
                    className="sc-kAzzGY bhplhq"
                  />
                </styled.span>
              </div>
            </styled.div>
            <styled.div>
              <div
                className="sc-chPdSV jmNmdm"
              >
                <styled.p>
                  <p
                    className="sc-kgoBCf eyQkMk"
                  >
                    Louis Litt
                  </p>
                </styled.p>
                <styled.p>
                  <p
                    className="sc-kGXeez bpwcQb"
                  >
                    Lorem ipsum dolor sit amet.
                  </p>
                </styled.p>
              </div>
            </styled.div>
            <styled.p>
              <p
                className="sc-kpOJdX fuYgIr"
              >
                3
              </p>
            </styled.p>
          </div>
        </styled.div>
      </UserCard>
      <UserCard
        avatar="https://emilcarlsson.se/assets/louislitt.png"
        id={10}
        key="10"
        name="Louis Litt"
      >
        <styled.div>
          <div
            className="sc-jzJRlG ikoaaf"
          >
            <styled.div>
              <div
                className="sc-cSHVUG hDUXUW"
              >
                <Styled(Image)
                  bordercolor="white"
                  bordersize="1px"
                  circular={true}
                  maxheight="65px"
                  maxwidth="65px"
                  size="tiny"
                  src="https://emilcarlsson.se/assets/louislitt.png"
                >
                  <Image
                    as="img"
                    bordercolor="white"
                    bordersize="1px"
                    circular={true}
                    className="sc-htpNat drfAkD"
                    maxheight="65px"
                    maxwidth="65px"
                    size="tiny"
                    src="https://emilcarlsson.se/assets/louislitt.png"
                    ui={true}
                  >
                    <img
                      bordercolor="white"
                      bordersize="1px"
                      className="ui tiny circular image sc-htpNat drfAkD"
                      maxheight="65px"
                      maxwidth="65px"
                      src="https://emilcarlsson.se/assets/louislitt.png"
                    />
                  </Image>
                </Styled(Image)>
                <styled.span>
                  <span
                    className="sc-kAzzGY bhplhq"
                  />
                </styled.span>
              </div>
            </styled.div>
            <styled.div>
              <div
                className="sc-chPdSV jmNmdm"
              >
                <styled.p>
                  <p
                    className="sc-kgoBCf eyQkMk"
                  >
                    Louis Litt
                  </p>
                </styled.p>
                <styled.p>
                  <p
                    className="sc-kGXeez bpwcQb"
                  >
                    Lorem ipsum dolor sit amet.
                  </p>
                </styled.p>
              </div>
            </styled.div>
            <styled.p>
              <p
                className="sc-kpOJdX fuYgIr"
              >
                3
              </p>
            </styled.p>
          </div>
        </styled.div>
      </UserCard>
    </div>
  </styled.div>
</UserList>
`;
